// Vitest Snapshot v1, https://vitest.dev/guide/snapshot.html

exports[`PTO ledger invariant — reference output must never change > computes the reference ledger byte-for-byte 1`] = `
[
  {
    "accrualCredited": 2.92,
    "calculatedAccrual": 2.92,
    "periodEnd": "2026-02-21",
    "periodStart": "2026-02-15",
    "ptoTakenHours": 0,
    "runningBalance": 1.29,
    "tierRate": 0.0769,
    "weeklyCap": 3.08,
    "workedHoursCapped": 38,
    "workedHoursRaw": 38,
  },
  {
    "accrualCredited": 2.92,
    "calculatedAccrual": 2.92,
    "periodEnd": "2026-02-28",
    "periodStart": "2026-02-22",
    "ptoTakenHours": 0,
    "runningBalance": 4.21,
    "tierRate": 0.0769,
    "weeklyCap": 3.08,
    "workedHoursCapped": 38,
    "workedHoursRaw": 38,
  },
  {
    "accrualCredited": 2.92,
    "calculatedAccrual": 2.92,
    "periodEnd": "2026-03-07",
    "periodStart": "2026-03-01",
    "ptoTakenHours": 0,
    "runningBalance": 7.13,
    "tierRate": 0.0769,
    "weeklyCap": 3.08,
    "workedHoursCapped": 38,
    "workedHoursRaw": 38,
  },
  {
    "accrualCredited": 3.08,
    "calculatedAccrual": 3.69,
    "periodEnd": "2026-03-14",
    "periodStart": "2026-03-08",
    "ptoTakenHours": 8,
    "runningBalance": 2.21,
    "tierRate": 0.0769,
    "weeklyCap": 3.08,
    "workedHoursCapped": 40,
    "workedHoursRaw": 50,
  },
  {
    "accrualCredited": 2.92,
    "calculatedAccrual": 2.92,
    "periodEnd": "2026-03-21",
    "periodStart": "2026-03-15",
    "ptoTakenHours": 0,
    "runningBalance": 5.13,
    "tierRate": 0.0769,
    "weeklyCap": 3.08,
    "workedHoursCapped": 38,
    "workedHoursRaw": 38,
  },
  {
    "accrualCredited": 2.92,
    "calculatedAccrual": 2.92,
    "periodEnd": "2026-03-28",
    "periodStart": "2026-03-22",
    "ptoTakenHours": 0,
    "runningBalance": 8.05,
    "tierRate": 0.0769,
    "weeklyCap": 3.08,
    "workedHoursCapped": 38,
    "workedHoursRaw": 38,
  },
  {
    "accrualCredited": 3.08,
    "calculatedAccrual": 3.54,
    "periodEnd": "2026-04-04",
    "periodStart": "2026-03-29",
    "ptoTakenHours": 8,
    "runningBalance": 3.13,
    "tierRate": 0.0769,
    "weeklyCap": 3.08,
    "workedHoursCapped": 38,
    "workedHoursRaw": 38,
  },
  {
    "accrualCredited": 2.92,
    "calculatedAccrual": 2.92,
    "periodEnd": "2026-04-11",
    "periodStart": "2026-04-05",
    "ptoTakenHours": 0,
    "runningBalance": 6.05,
    "tierRate": 0.0769,
    "weeklyCap": 3.08,
    "workedHoursCapped": 38,
    "workedHoursRaw": 38,
  },
  {
    "accrualCredited": 3.08,
    "calculatedAccrual": 3.23,
    "periodEnd": "2026-04-18",
    "periodStart": "2026-04-12",
    "ptoTakenHours": 4,
    "runningBalance": 5.13,
    "tierRate": 0.0769,
    "weeklyCap": 3.08,
    "workedHoursCapped": 38,
    "workedHoursRaw": 38,
  },
  {
    "accrualCredited": 2.92,
    "calculatedAccrual": 2.92,
    "periodEnd": "2026-04-25",
    "periodStart": "2026-04-19",
    "ptoTakenHours": 0,
    "runningBalance": 8.05,
    "tierRate": 0.0769,
    "weeklyCap": 3.08,
    "workedHoursCapped": 38,
    "workedHoursRaw": 38,
  },
  {
    "accrualCredited": 2.92,
    "calculatedAccrual": 2.92,
    "periodEnd": "2026-05-02",
    "periodStart": "2026-04-26",
    "ptoTakenHours": 0,
    "runningBalance": 10.97,
    "tierRate": 0.0769,
    "weeklyCap": 3.08,
    "workedHoursCapped": 38,
    "workedHoursRaw": 38,
  },
  {
    "accrualCredited": 1.03,
    "calculatedAccrual": 2.92,
    "periodEnd": "2026-05-09",
    "periodStart": "2026-05-03",
    "ptoTakenHours": 0,
    "runningBalance": 12,
    "tierRate": 0.0769,
    "weeklyCap": 3.08,
    "workedHoursCapped": 38,
    "workedHoursRaw": 38,
  },
  {
    "accrualCredited": 0,
    "calculatedAccrual": 2.92,
    "periodEnd": "2026-05-16",
    "periodStart": "2026-05-10",
    "ptoTakenHours": 0,
    "runningBalance": 12,
    "tierRate": 0.0769,
    "weeklyCap": 3.08,
    "workedHoursCapped": 38,
    "workedHoursRaw": 38,
  },
  {
    "accrualCredited": 0,
    "calculatedAccrual": 2.92,
    "periodEnd": "2026-05-23",
    "periodStart": "2026-05-17",
    "ptoTakenHours": 0,
    "runningBalance": 12,
    "tierRate": 0.0769,
    "weeklyCap": 3.08,
    "workedHoursCapped": 38,
    "workedHoursRaw": 38,
  },
  {
    "accrualCredited": 0,
    "calculatedAccrual": 2.92,
    "periodEnd": "2026-05-30",
    "periodStart": "2026-05-24",
    "ptoTakenHours": 0,
    "runningBalance": 12,
    "tierRate": 0.0769,
    "weeklyCap": 3.08,
    "workedHoursCapped": 38,
    "workedHoursRaw": 38,
  },
  {
    "accrualCredited": 0,
    "calculatedAccrual": 2.92,
    "periodEnd": "2026-06-06",
    "periodStart": "2026-05-31",
    "ptoTakenHours": 0,
    "runningBalance": 12,
    "tierRate": 0.0769,
    "weeklyCap": 3.08,
    "workedHoursCapped": 38,
    "workedHoursRaw": 38,
  },
]
`;
